2025-02-26 17:37:57,427 - DFA-KaggleDownloader - INFO - Kaggle credentials configured successfully
2025-02-26 17:39:25,174 - DFA-KaggleDownloader - WARNING - Unknown dataset key: 30eedf884da8163a402b3bd5c7db22fc
2025-02-26 17:39:25,174 - DFA-KaggleDownloader - ERROR - No valid dataset keys provided. Exiting.
2025-02-26 17:39:30,914 - DFA-KaggleDownloader - INFO - Using Kaggle credentials from C:\Users\yashb\.kaggle\kaggle.json
2025-02-26 17:39:57,122 - DFA-KaggleDownloader - INFO - Using Kaggle credentials from C:\Users\yashb\.kaggle\kaggle.json
2025-02-26 17:40:22,183 - DFA-KaggleDownloader - INFO - Processing dataset: face_forensics_compressed
2025-02-26 17:40:22,706 - DFA-KaggleDownloader - INFO - Downloading Face Forensics Compressed (1.5 GB)
2025-02-26 17:40:22,707 - DFA-KaggleDownloader - INFO - Downloading dataset: yuvalolin/face-forensics-compressed
2025-02-26 17:40:22,707 - DFA-KaggleDownloader - INFO - Downloading all dataset files...
2025-02-26 17:40:23,554 - DFA-KaggleDownloader - ERROR - Error downloading face_forensics_compressed: (403)
Reason: Forbidden
HTTP response headers: HTTPHeaderDict({'Content-Type': 'application/json', 'Date': 'Wed, 26 Feb 2025 12:10:23 GMT', 'Access-Control-Allow-Credentials': 'true', 'Access-Control-Allow-Origin': '*', 'Set-Cookie': 'ka_sessionid=b0915d15a8d5f191ab498ab1299c3003; max-age=2626560; path=/, GCLB=CJjM5bzY58jQLhAD; path=/; HttpOnly', 'Vary': 'Accept-Encoding', 'X-Kaggle-MillisecondsElapsed': '4', 'X-Kaggle-RequestId': '7c022bc9d02bd4894137ce38d8fdbbbf', 'X-Kaggle-ApiVersion': '1.6.17', 'X-Kaggle-HubVersion': '0.3.10', 'X-Frame-Options': 'SAMEORIGIN', 'Strict-Transport-Security': 'max-age=63072000; includeSubDomains; preload', 'Content-Security-Policy': "object-src 'none'; script-src 'nonce-Na35MtAvBjV3ECrcAnQ2Qg==' 'report-sample' 'unsafe-inline' 'unsafe-eval' 'strict-dynamic' https: http:; base-uri 'none'; report-uri https://csp.withgoogle.com/csp/kaggle/20201130; frame-src 'self' https://www.kaggleusercontent.com https://www.youtube.com/embed/ https://polygraph-cool.github.io https://www.google.com/recaptcha/ https://www.docdroid.com https://www.docdroid.net https://kaggle-static.storage.googleapis.com https://kkb-production.jupyter-proxy.kaggle.net https://kkb-production.firebaseapp.com https://kaggle-metastore.firebaseapp.com https://apis.google.com https://content-sheets.googleapis.com/ https://accounts.google.com/ https://storage.googleapis.com https://docs.google.com https://drive.google.com https://calendar.google.com/ https://google.qualtrics.com/ ;", 'X-Content-Type-Options': 'nosniff', 'Referrer-Policy': 'strict-origin-when-cross-origin', 'Via': '1.1 google', 'Alt-Svc': 'h3=":443"; ma=2592000,h3-29=":443"; ma=2592000', 'Transfer-Encoding': 'chunked'})
HTTP response body: b'{"code":403,"message":"Permission \\u0027datasets.get\\u0027 was denied"}'

2025-02-26 17:40:23,556 - DFA-KaggleDownloader - INFO - Processing dataset: deepfake_faceforensics
2025-02-26 17:40:23,558 - DFA-KaggleDownloader - INFO - Downloading Deepfake FaceForensics Sample (2 GB)
2025-02-26 17:40:23,559 - DFA-KaggleDownloader - INFO - Downloading dataset: soumikrakshit/deepfake-faceforensics
2025-02-26 17:40:23,559 - DFA-KaggleDownloader - INFO - Downloading all dataset files...
2025-02-26 17:40:23,937 - DFA-KaggleDownloader - ERROR - Error downloading deepfake_faceforensics: (403)
Reason: Forbidden
HTTP response headers: HTTPHeaderDict({'Content-Type': 'application/json', 'Date': 'Wed, 26 Feb 2025 12:10:24 GMT', 'Access-Control-Allow-Credentials': 'true', 'Access-Control-Allow-Origin': '*', 'Set-Cookie': 'ka_sessionid=8e38e06f35ba6f136ff1bd034da9f8fa; max-age=2626560; path=/, GCLB=CMTv4tmM6L3HZRAD; path=/; HttpOnly', 'Vary': 'Accept-Encoding', 'X-Kaggle-MillisecondsElapsed': '3', 'X-Kaggle-RequestId': '20dc4d4c1913a47ffdb96f4fa2adcd17', 'X-Kaggle-ApiVersion': '1.6.17', 'X-Kaggle-HubVersion': '0.3.10', 'X-Frame-Options': 'SAMEORIGIN', 'Strict-Transport-Security': 'max-age=63072000; includeSubDomains; preload', 'Content-Security-Policy': "object-src 'none'; script-src 'nonce-GDw9s3rieubQvEhGYy66Tg==' 'report-sample' 'unsafe-inline' 'unsafe-eval' 'strict-dynamic' https: http:; base-uri 'none'; report-uri https://csp.withgoogle.com/csp/kaggle/20201130; frame-src 'self' https://www.kaggleusercontent.com https://www.youtube.com/embed/ https://polygraph-cool.github.io https://www.google.com/recaptcha/ https://www.docdroid.com https://www.docdroid.net https://kaggle-static.storage.googleapis.com https://kkb-production.jupyter-proxy.kaggle.net https://kkb-production.firebaseapp.com https://kaggle-metastore.firebaseapp.com https://apis.google.com https://content-sheets.googleapis.com/ https://accounts.google.com/ https://storage.googleapis.com https://docs.google.com https://drive.google.com https://calendar.google.com/ https://google.qualtrics.com/ ;", 'X-Content-Type-Options': 'nosniff', 'Referrer-Policy': 'strict-origin-when-cross-origin', 'Via': '1.1 google', 'Alt-Svc': 'h3=":443"; ma=2592000,h3-29=":443"; ma=2592000', 'Transfer-Encoding': 'chunked'})
HTTP response body: b'{"code":403,"message":"Permission \\u0027datasets.get\\u0027 was denied"}'

2025-02-26 17:40:23,937 - DFA-KaggleDownloader - INFO - Processing dataset: dfdc_sample
2025-02-26 17:40:23,938 - DFA-KaggleDownloader - INFO - Downloading DFDC Sample Videos (1.2 GB)
2025-02-26 17:40:23,939 - DFA-KaggleDownloader - INFO - Downloading dataset: mkarthi/dfdc-sample-videos
2025-02-26 17:40:23,939 - DFA-KaggleDownloader - INFO - Downloading all dataset files...
2025-02-26 17:40:24,311 - DFA-KaggleDownloader - ERROR - Error downloading dfdc_sample: (403)
Reason: Forbidden
HTTP response headers: HTTPHeaderDict({'Content-Type': 'application/json', 'Date': 'Wed, 26 Feb 2025 12:10:24 GMT', 'Access-Control-Allow-Credentials': 'true', 'Access-Control-Allow-Origin': '*', 'Set-Cookie': 'ka_sessionid=48371de36135988733b90863b0b1fac6; max-age=2626560; path=/, GCLB=CMWnysqV_L2J7AEQAw; path=/; HttpOnly', 'Vary': 'Accept-Encoding', 'X-Kaggle-MillisecondsElapsed': '3', 'X-Kaggle-RequestId': '051e7d090b7e0052c0d8e3ceba7d4214', 'X-Kaggle-ApiVersion': '1.6.17', 'X-Kaggle-HubVersion': '0.3.10', 'X-Frame-Options': 'SAMEORIGIN', 'Strict-Transport-Security': 'max-age=63072000; includeSubDomains; preload', 'Content-Security-Policy': "object-src 'none'; script-src 'nonce-1+Fpp5VvUhd/5375JABzag==' 'report-sample' 'unsafe-inline' 'unsafe-eval' 'strict-dynamic' https: http:; base-uri 'none'; report-uri https://csp.withgoogle.com/csp/kaggle/20201130; frame-src 'self' https://www.kaggleusercontent.com https://www.youtube.com/embed/ https://polygraph-cool.github.io https://www.google.com/recaptcha/ https://www.docdroid.com https://www.docdroid.net https://kaggle-static.storage.googleapis.com https://kkb-production.jupyter-proxy.kaggle.net https://kkb-production.firebaseapp.com https://kaggle-metastore.firebaseapp.com https://apis.google.com https://content-sheets.googleapis.com/ https://accounts.google.com/ https://storage.googleapis.com https://docs.google.com https://drive.google.com https://calendar.google.com/ https://google.qualtrics.com/ ;", 'X-Content-Type-Options': 'nosniff', 'Referrer-Policy': 'strict-origin-when-cross-origin', 'Via': '1.1 google', 'Alt-Svc': 'h3=":443"; ma=2592000,h3-29=":443"; ma=2592000', 'Transfer-Encoding': 'chunked'})
HTTP response body: b'{"code":403,"message":"Permission \\u0027datasets.get\\u0027 was denied"}'

2025-02-26 17:40:24,312 - DFA-KaggleDownloader - INFO - Downloaded 0/3 datasets
2025-02-26 21:06:59,432 - KaggleDeepFakeDownloader - INFO - Downloading DFDC Preview (Medium) from Kaggle...
2025-02-26 21:12:11,584 - KaggleDeepFakeDownloader - INFO - Successfully downloaded DFDC Preview (Medium)
2025-02-26 21:12:36,644 - KaggleDeepFakeDownloader - INFO - Copying 50000 real images from temp\dfdc_preview\real_vs_fake\real-vs-fake\train\real
2025-02-26 21:12:58,637 - KaggleDeepFakeDownloader - INFO - Copying 10000 real images from temp\dfdc_preview\real_vs_fake\real-vs-fake\test\real
2025-02-26 21:13:04,167 - KaggleDeepFakeDownloader - INFO - Copying 10000 real images from temp\dfdc_preview\real_vs_fake\real-vs-fake\valid\real
2025-02-26 21:13:08,878 - KaggleDeepFakeDownloader - INFO - Copying 50000 fake images from temp\dfdc_preview\real_vs_fake\real-vs-fake\train\fake
2025-02-26 21:13:41,987 - KaggleDeepFakeDownloader - INFO - Copying 10000 fake images from temp\dfdc_preview\real_vs_fake\real-vs-fake\valid\fake
2025-02-26 21:13:48,374 - KaggleDeepFakeDownloader - INFO - Copying 10000 fake images from temp\dfdc_preview\real_vs_fake\real-vs-fake\test\fake
2025-02-26 21:13:54,429 - KaggleDeepFakeDownloader - INFO - Limiting real images to 5000 (medium size)
2025-02-26 21:14:00,980 - KaggleDeepFakeDownloader - INFO - Limiting fake images to 5000 (medium size)
2025-02-26 21:14:07,253 - KaggleDeepFakeDownloader - INFO - Successfully processed image dataset
2025-02-26 21:14:07,264 - KaggleDeepFakeDownloader - INFO - Downloading FaceForensics++ Sample (Medium) from Kaggle...
2025-02-26 21:14:07,676 - urllib3.connectionpool - WARNING - Retrying (Retry(total=2, connect=None, read=None, redirect=None, status=None)) after connection broken by 'RemoteDisconnected('Remote end closed connection without response')': /api/v1/datasets/download/divg/faceforensics-sample-videos?datasetVersionNumber=None
2025-02-26 21:14:08,498 - KaggleDeepFakeDownloader - ERROR - Error downloading FaceForensics++ Sample (Medium): (403)
Reason: Forbidden
HTTP response headers: HTTPHeaderDict({'Content-Type': 'application/json', 'Date': 'Wed, 26 Feb 2025 15:44:08 GMT', 'Access-Control-Allow-Credentials': 'true', 'Access-Control-Allow-Origin': '*', 'Set-Cookie': 'ka_sessionid=7b8602188dbbf5f188827aab2e274f3f; max-age=2626560; path=/, GCLB=CKvo_86Zw_rkwQEQAw; path=/; HttpOnly', 'Vary': 'Accept-Encoding', 'X-Kaggle-MillisecondsElapsed': '3', 'X-Kaggle-RequestId': '68c57e3e4c616ac50e75569fce4ce576', 'X-Kaggle-ApiVersion': '1.6.17', 'X-Kaggle-HubVersion': '0.3.10', 'X-Frame-Options': 'SAMEORIGIN', 'Strict-Transport-Security': 'max-age=63072000; includeSubDomains; preload', 'Content-Security-Policy': "object-src 'none'; script-src 'nonce-SALyFz7Mn+lEgCFlklLBAg==' 'report-sample' 'unsafe-inline' 'unsafe-eval' 'strict-dynamic' https: http:; base-uri 'none'; report-uri https://csp.withgoogle.com/csp/kaggle/20201130; frame-src 'self' https://www.kaggleusercontent.com https://www.youtube.com/embed/ https://polygraph-cool.github.io https://www.google.com/recaptcha/ https://www.docdroid.com https://www.docdroid.net https://kaggle-static.storage.googleapis.com https://kkb-production.jupyter-proxy.kaggle.net https://kkb-production.firebaseapp.com https://kaggle-metastore.firebaseapp.com https://apis.google.com https://content-sheets.googleapis.com/ https://accounts.google.com/ https://storage.googleapis.com https://docs.google.com https://drive.google.com https://calendar.google.com/ https://google.qualtrics.com/ ;", 'X-Content-Type-Options': 'nosniff', 'Referrer-Policy': 'strict-origin-when-cross-origin', 'Via': '1.1 google', 'Alt-Svc': 'h3=":443"; ma=2592000,h3-29=":443"; ma=2592000', 'Transfer-Encoding': 'chunked'})
HTTP response body: b'{"code":403,"message":"Permission \\u0027datasets.get\\u0027 was denied"}'

2025-02-26 21:14:08,500 - KaggleDeepFakeDownloader - INFO - Downloading Celeb-DF Medium Sample from Kaggle...
2025-02-26 21:14:08,858 - KaggleDeepFakeDownloader - ERROR - Error downloading Celeb-DF Medium Sample: (403)
Reason: Forbidden
HTTP response headers: HTTPHeaderDict({'Content-Type': 'application/json', 'Date': 'Wed, 26 Feb 2025 15:44:08 GMT', 'Access-Control-Allow-Credentials': 'true', 'Access-Control-Allow-Origin': '*', 'Set-Cookie': 'ka_sessionid=9052f6132ed7fc2385f51ac317c99d3d; max-age=2626560; path=/, GCLB=CMvrwsLBvK-uiwEQAw; path=/; HttpOnly', 'Vary': 'Accept-Encoding', 'X-Kaggle-MillisecondsElapsed': '4', 'X-Kaggle-RequestId': '96d0afe88b3961fd4205128c09bc2b50', 'X-Kaggle-ApiVersion': '1.6.17', 'X-Kaggle-HubVersion': '0.3.10', 'X-Frame-Options': 'SAMEORIGIN', 'Strict-Transport-Security': 'max-age=63072000; includeSubDomains; preload', 'Content-Security-Policy': "object-src 'none'; script-src 'nonce-Ycup20ubvol7fNJwnmwF4Q==' 'report-sample' 'unsafe-inline' 'unsafe-eval' 'strict-dynamic' https: http:; base-uri 'none'; report-uri https://csp.withgoogle.com/csp/kaggle/20201130; frame-src 'self' https://www.kaggleusercontent.com https://www.youtube.com/embed/ https://polygraph-cool.github.io https://www.google.com/recaptcha/ https://www.docdroid.com https://www.docdroid.net https://kaggle-static.storage.googleapis.com https://kkb-production.jupyter-proxy.kaggle.net https://kkb-production.firebaseapp.com https://kaggle-metastore.firebaseapp.com https://apis.google.com https://content-sheets.googleapis.com/ https://accounts.google.com/ https://storage.googleapis.com https://docs.google.com https://drive.google.com https://calendar.google.com/ https://google.qualtrics.com/ ;", 'X-Content-Type-Options': 'nosniff', 'Referrer-Policy': 'strict-origin-when-cross-origin', 'Via': '1.1 google', 'Alt-Svc': 'h3=":443"; ma=2592000,h3-29=":443"; ma=2592000', 'Transfer-Encoding': 'chunked'})
HTTP response body: b'{"code":403,"message":"Permission \\u0027datasets.get\\u0027 was denied"}'

2025-02-26 21:14:08,860 - KaggleDeepFakeDownloader - INFO - Downloading DeepFake Detection Medium from Kaggle...
2025-02-26 21:14:41,691 - KaggleDeepFakeDownloader - INFO - Successfully downloaded DeepFake Detection Medium
2025-02-26 21:14:42,965 - KaggleDeepFakeDownloader - WARNING - No real image directories found in ./temp\deepfake_detection
2025-02-26 21:14:43,043 - KaggleDeepFakeDownloader - INFO - Found 2162 real images directly
2025-02-26 21:14:44,412 - KaggleDeepFakeDownloader - WARNING - No fake image directories found in ./temp\deepfake_detection
2025-02-26 21:14:44,498 - KaggleDeepFakeDownloader - ERROR - Could not find any fake images
2025-02-26 21:14:44,510 - KaggleDeepFakeDownloader - INFO - Dataset at C:\Users\yashb\Desktop\deekfake\data\raw\DFDC validated: 5000 real files, 5000 fake files
2025-02-26 21:14:44,511 - KaggleDeepFakeDownloader - ERROR - Failed to update configuration: [Errno 2] No such file or directory: '../configs/train.yaml'
